DEBUG: Loading align_book.py from /Volumes/ExternalHD/Users/alex.sanchez/Documents/repos/AI/ebooks/align_book.py
Using Local Neural Alignment (LaBSE)...
--- Starting Fresh Execution for bilingual_book.epub ---
Copying original structure from books/unpacked/en to /Volumes/ExternalHD/Users/alex.sanchez/Documents/repos/AI/ebooks/bilingual_epub_staging...
Identified 53 chapters to align.
Auto-detection: Using 'generic' profile for bilingual_book.epub
Using profile: generic
Updated metadata title: Artificial Intelligence (bilingual)
Parsed 52 items in Spine for expansion.
Expanded processing list from 53 to 52 terms.
Executing 30 content tasks...
2025-12-22 15:50:36,148 - INFO - Loading model: sentence-transformers/LaBSE
2025-12-22 15:50:36,170 - INFO - Use pytorch device_name: mps
2025-12-22 15:50:36,170 - INFO - Load pretrained SentenceTransformer: sentence-transformers/LaBSE
2025-12-22 15:50:46,168 - INFO - Model loaded successfully on device: mps:0
2025-12-22 15:50:46,199 - INFO - embedding 52 EN chunks...
2025-12-22 15:50:48,279 - INFO - embedding 157 ES chunks...
2025-12-22 15:50:50,139 - INFO - Computing distance matrix...
2025-12-22 15:50:50,168 - INFO - Aligned into 51 blocks.
2025-12-22 15:50:59,743 - INFO - embedding 73 EN chunks...
2025-12-22 15:51:01,714 - INFO - embedding 251 ES chunks...
2025-12-22 15:51:04,147 - INFO - Computing distance matrix...
2025-12-22 15:51:04,165 - INFO - Applying 6 hard constraints...
2025-12-22 15:51:04,204 - INFO - Aligned into 71 blocks.
2025-12-22 15:51:15,631 - INFO - embedding 29 EN chunks...
2025-12-22 15:51:16,804 - INFO - embedding 89 ES chunks...
2025-12-22 15:51:17,870 - INFO - Computing distance matrix...
2025-12-22 15:51:17,873 - INFO - Applying 1 hard constraints...
2025-12-22 15:51:17,879 - INFO - Aligned into 27 blocks.
2025-12-22 15:51:22,451 - INFO - embedding 105 EN chunks...
2025-12-22 15:51:24,630 - INFO - embedding 292 ES chunks...
2025-12-22 15:51:27,459 - INFO - Computing distance matrix...
2025-12-22 15:51:27,552 - INFO - Aligned into 103 blocks.
2025-12-22 15:51:41,642 - INFO - embedding 59 EN chunks...
2025-12-22 15:51:43,321 - INFO - embedding 171 ES chunks...
2025-12-22 15:51:44,936 - INFO - Computing distance matrix...
2025-12-22 15:51:44,947 - INFO - Applying 17 hard constraints...
2025-12-22 15:51:44,968 - INFO - Aligned into 50 blocks.
2025-12-22 15:51:52,157 - INFO - embedding 68 EN chunks...
2025-12-22 15:51:53,950 - INFO - embedding 196 ES chunks...
2025-12-22 15:51:56,232 - INFO - Computing distance matrix...
2025-12-22 15:51:56,278 - INFO - Aligned into 68 blocks.
2025-12-22 15:52:04,851 - INFO - embedding 69 EN chunks...
2025-12-22 15:52:06,713 - INFO - embedding 239 ES chunks...
2025-12-22 15:52:09,612 - INFO - Computing distance matrix...
2025-12-22 15:52:09,628 - INFO - Applying 44 hard constraints...
2025-12-22 15:52:09,662 - INFO - Aligned into 55 blocks.
2025-12-22 15:52:19,598 - INFO - embedding 55 EN chunks...
2025-12-22 15:52:20,987 - INFO - embedding 174 ES chunks...
2025-12-22 15:52:22,911 - INFO - Computing distance matrix...
2025-12-22 15:52:22,944 - INFO - Aligned into 54 blocks.
2025-12-22 15:52:30,640 - INFO - embedding 38 EN chunks...
2025-12-22 15:52:31,832 - INFO - embedding 156 ES chunks...
2025-12-22 15:52:33,306 - INFO - Computing distance matrix...
2025-12-22 15:52:33,314 - INFO - Applying 14 hard constraints...
2025-12-22 15:52:33,329 - INFO - Aligned into 32 blocks.
2025-12-22 15:52:38,563 - INFO - embedding 74 EN chunks...
2025-12-22 15:52:40,390 - INFO - embedding 293 ES chunks...
2025-12-22 15:52:43,143 - INFO - Computing distance matrix...
2025-12-22 15:52:43,164 - INFO - Applying 15 hard constraints...
2025-12-22 15:52:43,209 - INFO - Aligned into 66 blocks.
2025-12-22 15:52:53,008 - INFO - embedding 43 EN chunks...
2025-12-22 15:52:54,181 - INFO - embedding 120 ES chunks...
2025-12-22 15:52:55,466 - INFO - Computing distance matrix...
2025-12-22 15:52:55,491 - INFO - Aligned into 42 blocks.
2025-12-22 15:53:00,549 - INFO - embedding 81 EN chunks...
2025-12-22 15:53:02,329 - INFO - embedding 271 ES chunks...
2025-12-22 15:53:04,689 - INFO - Computing distance matrix...
2025-12-22 15:53:04,713 - INFO - Applying 24 hard constraints...
2025-12-22 15:53:04,758 - INFO - Aligned into 74 blocks.
2025-12-22 15:53:13,553 - INFO - embedding 62 EN chunks...
2025-12-22 15:53:15,180 - INFO - embedding 183 ES chunks...
2025-12-22 15:53:17,502 - INFO - Computing distance matrix...
2025-12-22 15:53:17,519 - INFO - Applying 27 hard constraints...
2025-12-22 15:53:17,548 - INFO - Aligned into 56 blocks.
2025-12-22 15:53:24,655 - INFO - embedding 109 EN chunks...
2025-12-22 15:53:26,529 - INFO - embedding 298 ES chunks...
2025-12-22 15:53:29,001 - INFO - Computing distance matrix...
2025-12-22 15:53:29,033 - INFO - Applying 4 hard constraints...
2025-12-22 15:53:29,110 - INFO - Aligned into 106 blocks.
2025-12-22 15:53:39,878 - INFO - embedding 49 EN chunks...
2025-12-22 15:53:41,328 - INFO - embedding 157 ES chunks...
2025-12-22 15:53:43,217 - INFO - Computing distance matrix...
2025-12-22 15:53:43,225 - INFO - Applying 1 hard constraints...
2025-12-22 15:53:43,241 - INFO - Aligned into 47 blocks.
2025-12-22 15:53:49,928 - INFO - embedding 81 EN chunks...
2025-12-22 15:53:51,724 - INFO - embedding 223 ES chunks...
2025-12-22 15:53:53,764 - INFO - Computing distance matrix...
2025-12-22 15:53:53,781 - INFO - Applying 30 hard constraints...
2025-12-22 15:53:53,819 - INFO - Aligned into 70 blocks.
2025-12-22 15:54:04,797 - INFO - embedding 73 EN chunks...
2025-12-22 15:54:06,734 - INFO - embedding 205 ES chunks...
2025-12-22 15:54:09,228 - INFO - Computing distance matrix...
2025-12-22 15:54:09,280 - INFO - Aligned into 72 blocks.
2025-12-22 15:54:23,995 - INFO - embedding 5 EN chunks...
2025-12-22 15:54:24,107 - INFO - embedding 5 ES chunks...
2025-12-22 15:54:24,273 - INFO - Computing distance matrix...
2025-12-22 15:54:24,273 - INFO - Aligned into 5 blocks.
2025-12-22 15:54:24,980 - INFO - embedding 350 EN chunks...
2025-12-22 15:54:26,448 - INFO - embedding 30 ES chunks...
2025-12-22 15:54:26,611 - INFO - Computing distance matrix...
2025-12-22 15:54:26,648 - INFO - Aligned into 30 blocks.
2025-12-22 15:54:31,444 - INFO - embedding 101 EN chunks...
2025-12-22 15:54:32,877 - INFO - embedding 14 ES chunks...
2025-12-22 15:54:33,274 - INFO - Computing distance matrix...
2025-12-22 15:54:33,279 - INFO - Aligned into 14 blocks.
2025-12-22 15:54:35,548 - INFO - embedding 4 EN chunks...
2025-12-22 15:54:35,623 - INFO - embedding 12 ES chunks...
2025-12-22 15:54:35,761 - INFO - Computing distance matrix...
2025-12-22 15:54:35,761 - INFO - Aligned into 4 blocks.
2025-12-22 15:54:35,869 - INFO - embedding 2 EN chunks...
2025-12-22 15:54:35,925 - INFO - embedding 15 ES chunks...
2025-12-22 15:54:36,223 - INFO - Computing distance matrix...
2025-12-22 15:54:36,223 - INFO - Aligned into 2 blocks.
DEBUG: Loading align_book.py from /Volumes/ExternalHD/Users/alex.sanchez/Documents/repos/AI/ebooks/align_book.py
DEBUG: Entering process_chapter_pair for Cover
DEBUG: Cover - Extracted 1 EN chunks
DEBUG: Cover - Parsed 1 ES chunks
DEBUG: Cover - Split ES chunks to 1
DEBUG: Cover - Initial should_filter=False
DEBUG: Caption filtering DISABLED by config.
DEBUG: Processing Ch Pair. should_filter=False
DEBUG: Entering process_chapter_pair for Title Page
DEBUG: Title Page - Extracted 1 EN chunks
DEBUG: Title Page - Parsed 1 ES chunks
DEBUG: Title Page - Split ES chunks to 1
DEBUG: Title Page - Initial should_filter=False
DEBUG: Caption filtering DISABLED by config.
DEBUG: Processing Ch Pair. should_filter=False
DEBUG: Entering process_chapter_pair for Title Page (cont.)
DEBUG: Title Page (cont.) - Extracted 13 EN chunks
DEBUG: Title Page (cont.) - Parsed 1 ES chunks
DEBUG: Title Page (cont.) - Split ES chunks to 1
DEBUG: Title Page (cont.) - Initial should_filter=False
DEBUG: Caption filtering DISABLED by config.
DEBUG: Processing Ch Pair. should_filter=False
DEBUG: Entering process_chapter_pair for Prologue: Terrified
DEBUG: Prologue: Terrified - Extracted 52 EN chunks
DEBUG: Prologue: Terrified - Parsed 64 ES chunks
DEBUG: Prologue: Terrified - Split ES chunks to 157
DEBUG: Prologue: Terrified - Initial should_filter=False
DEBUG: Caption filtering DISABLED by config.
DEBUG: Processing Ch Pair. should_filter=False
Merge Triggered: 'Terrified.”...' vs 'Aterrorizado»....' (Sim: 0.7775)
Splitter: Triggered for text length 421
Splitter: Triggered for text length 566
Splitter: Triggered for text length 615
Splitter: Triggered for text length 756
Splitter: Triggered for text length 427
Splitter: Triggered for text length 726
Splitter: Triggered for text length 781
Splitter: Triggered for text length 569
Splitter: Triggered for text length 948
Splitter: Triggered for text length 753
Splitter: Triggered for text length 499
Splitter: Triggered for text length 1176
Splitter: Triggered for text length 366
Splitter: Triggered for text length 1367
Splitter: Triggered for text length 574
Splitter: Triggered for text length 342
Splitter: Triggered for text length 658
Splitter: Triggered for text length 807
Splitter: Triggered for text length 565
Splitter: Triggered for text length 816
Splitter: Triggered for text length 370
Splitter: Triggered for text length 994
Splitter: Triggered for text length 314
Splitter: Triggered for text length 651
Splitter: Triggered for text length 523
Splitter: Triggered for text length 463
Splitter: Triggered for text length 739
Splitter: Triggered for text length 702
Splitter: Triggered for text length 1068
Splitter: Triggered for text length 1011
Splitter: Triggered for text length 762
Splitter: Triggered for text length 414
Splitter: Triggered for text length 1201
Splitter: Triggered for text length 474
Splitter: Triggered for text length 501
DEBUG: Entering process_chapter_pair for Part I. Background
DEBUG: Part I. Background - Extracted 2 EN chunks
DEBUG: Part I. Background - Parsed 1 ES chunks
DEBUG: Part I. Background - Split ES chunks to 1
DEBUG: Part I. Background - Initial should_filter=False
DEBUG: Caption filtering DISABLED by config.
DEBUG: Processing Ch Pair. should_filter=False
DEBUG: Entering process_chapter_pair for 1. The Roots of Artificial Intelligence
DEBUG: 1. The Roots of Artificial Intelligence - Extracted 73 EN chunks
DEBUG: 1. The Roots of Artificial Intelligence - Parsed 101 ES chunks
DEBUG: 1. The Roots of Artificial Intelligence - Split ES chunks to 254
DEBUG: 1. The Roots of Artificial Intelligence - Initial should_filter=False
DEBUG: Caption filtering DISABLED by config.
DEBUG: Processing Ch Pair. should_filter=False
Merge Triggered: 'A perceptron’s thres...' vs 'El umbral de un perc...' (Sim: 0.9437)
Merge Triggered: 'But for now, I’ll no...' vs 'Las limitaciones de ...' (Sim: 0.6042)
Splitter: Triggered for text length 710
Splitter: Triggered for text length 1231
Splitter: Triggered for text length 550
Splitter: Triggered for text length 337
Splitter: Triggered for text length 1392
Splitter: Triggered for text length 387
Splitter: Triggered for text length 598
Splitter: Triggered for text length 675
Splitter: Triggered for text length 679
Splitter: Triggered for text length 663
Splitter: Triggered for text length 1041
Splitter: Triggered for text length 879
Splitter: Triggered for text length 264
Splitter: Triggered for text length 669
Splitter: Triggered for text length 305
Splitter: Triggered for text length 297
Splitter: Triggered for text length 422
Splitter: Triggered for text length 522
Splitter: Triggered for text length 307
Splitter: Triggered for text length 568
Splitter: Triggered for text length 948
Splitter: Triggered for text length 736
Splitter: Triggered for text length 459
Splitter: Triggered for text length 768
Splitter: Triggered for text length 646
Splitter: Triggered for text length 330
Splitter: Triggered for text length 604
Splitter: Triggered for text length 711
Splitter: Triggered for text length 1486
Splitter: Triggered for text length 763
Splitter: Triggered for text length 764
Splitter: Triggered for text length 1203
Splitter: Triggered for text length 878
Splitter: Triggered for text length 461
Splitter: Triggered for text length 670
Splitter: Triggered for text length 355
Splitter: Triggered for text length 245
Splitter: Triggered for text length 601
Splitter: Triggered for text length 1059
Splitter: Triggered for text length 1023
Splitter: Triggered for text length 399
Splitter: Triggered for text length 415
Splitter: Triggered for text length 554
Splitter: Triggered for text length 396
Splitter: Triggered for text length 1028
Splitter: Triggered for text length 991
Splitter: Triggered for text length 933
DEBUG: Entering process_chapter_pair for 2. Neural Networks and the Ascent of Machine Learning
DEBUG: 2. Neural Networks and the Ascent of Machine Learning - Extracted 29 EN chunks
DEBUG: 2. Neural Networks and the Ascent of Machine Learning - Parsed 37 ES chunks
DEBUG: 2. Neural Networks and the Ascent of Machine Learning - Split ES chunks to 90
DEBUG: 2. Neural Networks and the Ascent of Machine Learning - Initial should_filter=False
DEBUG: Caption filtering DISABLED by config.
DEBUG: Processing Ch Pair. should_filter=False
Splitter: Triggered for text length 374
Splitter: Triggered for text length 351
Splitter: Triggered for text length 749
Splitter: Triggered for text length 323
Splitter: Triggered for text length 441
Splitter: Triggered for text length 588
Splitter: Triggered for text length 547
Splitter: Triggered for text length 546
Splitter: Triggered for text length 802
Splitter: Triggered for text length 750
Splitter: Triggered for text length 1156
Splitter: Triggered for text length 300
Splitter: Triggered for text length 1229
Splitter: Triggered for text length 829
Splitter: Triggered for text length 980
Splitter: Triggered for text length 838
Splitter: Triggered for text length 595
Splitter: Triggered for text length 615
Splitter: Triggered for text length 417
Splitter: Triggered for text length 529
DEBUG: Entering process_chapter_pair for 3. AI Spring
DEBUG: 3. AI Spring - Extracted 105 EN chunks
DEBUG: 3. AI Spring - Parsed 150 ES chunks
DEBUG: 3. AI Spring - Split ES chunks to 293
DEBUG: 3. AI Spring - Initial should_filter=False
DEBUG: Caption filtering DISABLED by config.
DEBUG: Processing Ch Pair. should_filter=False
Merge Triggered: 'JUDGE: what are your...' vs 'eugene: ¿Qué cualifi...' (Sim: 0.6832)
Merge Triggered: 'The computer will be...' vs 'Se considerará que e...' (Sim: 0.7723)
Splitter: Triggered for text length 919
Splitter: Triggered for text length 531
Splitter: Triggered for text length 523
Splitter: Triggered for text length 429
Splitter: Triggered for text length 980
Splitter: Triggered for text length 459
Splitter: Triggered for text length 801
Splitter: Triggered for text length 679
Splitter: Triggered for text length 670
Splitter: Triggered for text length 1029
Splitter: Triggered for text length 627
Splitter: Triggered for text length 511
Splitter: Triggered for text length 1008
Splitter: Triggered for text length 511
Splitter: Triggered for text length 276
Splitter: Triggered for text length 486
Splitter: Triggered for text length 422
Splitter: Triggered for text length 1289
Splitter: Triggered for text length 696
Splitter: Triggered for text length 678
Splitter: Triggered for text length 673
Splitter: Triggered for text length 1106
Splitter: Triggered for text length 1028
Splitter: Triggered for text length 471
Splitter: Triggered for text length 815
Splitter: Triggered for text length 471
Splitter: Triggered for text length 285
Splitter: Triggered for text length 378
Splitter: Triggered for text length 551
Splitter: Triggered for text length 514
Splitter: Triggered for text length 447
Splitter: Triggered for text length 369
Splitter: Triggered for text length 241
Splitter: Triggered for text length 997
Splitter: Triggered for text length 988
Splitter: Triggered for text length 769
Splitter: Triggered for text length 467
Splitter: Triggered for text length 405
Splitter: Triggered for text length 242
Splitter: Triggered for text length 453
Splitter: Triggered for text length 491
Splitter: Triggered for text length 758
Splitter: Triggered for text length 569
Splitter: Triggered for text length 489
Splitter: Triggered for text length 436
Splitter: Triggered for text length 588
Splitter: Triggered for text length 338
Splitter: Triggered for text length 287
Splitter: Triggered for text length 819
Splitter: Triggered for text length 981
Splitter: Triggered for text length 942
Splitter: Triggered for text length 1266
Splitter: Triggered for text length 628
Splitter: Triggered for text length 810
Splitter: Triggered for text length 340
Splitter: Triggered for text length 389
Splitter: Triggered for text length 354
Splitter: Triggered for text length 514
Splitter: Triggered for text length 459
Splitter: Triggered for text length 439
Splitter: Triggered for text length 446
Splitter: Triggered for text length 631
Splitter: Triggered for text length 378
Splitter: Triggered for text length 287
Splitter: Triggered for text length 377
DEBUG: Entering process_chapter_pair for Part II. Looking and Seeing
DEBUG: Part II. Looking and Seeing - Extracted 2 EN chunks
DEBUG: Part II. Looking and Seeing - Parsed 1 ES chunks
DEBUG: Part II. Looking and Seeing - Split ES chunks to 1
DEBUG: Part II. Looking and Seeing - Initial should_filter=False
DEBUG: Caption filtering DISABLED by config.
DEBUG: Processing Ch Pair. should_filter=False
DEBUG: Entering process_chapter_pair for 4. Who, What, When, Where, Why
DEBUG: 4. Who, What, When, Where, Why - Extracted 59 EN chunks
DEBUG: 4. Who, What, When, Where, Why - Parsed 74 ES chunks
DEBUG: 4. Who, What, When, Where, Why - Split ES chunks to 178
DEBUG: 4. Who, What, When, Where, Why - Initial should_filter=False
DEBUG: Caption filtering DISABLED by config.
DEBUG: Processing Ch Pair. should_filter=False
Splitter: Triggered for text length 669
Splitter: Triggered for text length 661
Splitter: Triggered for text length 359
Splitter: Triggered for text length 442
Splitter: Triggered for text length 474
Splitter: Triggered for text length 619
Splitter: Triggered for text length 564
Splitter: Triggered for text length 564
Splitter: Triggered for text length 703
Splitter: Triggered for text length 357
Splitter: Triggered for text length 1146
Splitter: Triggered for text length 462
Splitter: Triggered for text length 403
Splitter: Triggered for text length 493
Splitter: Triggered for text length 1096
Splitter: Triggered for text length 371
Splitter: Triggered for text length 519
Splitter: Triggered for text length 750
Splitter: Triggered for text length 668
Splitter: Triggered for text length 265
Splitter: Triggered for text length 665
Splitter: Triggered for text length 612
Splitter: Triggered for text length 1147
Splitter: Triggered for text length 796
Splitter: Triggered for text length 386
Splitter: Triggered for text length 877
Splitter: Triggered for text length 598
Splitter: Triggered for text length 640
Splitter: Triggered for text length 407
Splitter: Triggered for text length 578
Splitter: Triggered for text length 318
Splitter: Triggered for text length 504
Splitter: Triggered for text length 1192
Splitter: Triggered for text length 1164
DEBUG: Entering process_chapter_pair for 5. ConvNets and ImageNet
DEBUG: 5. ConvNets and ImageNet - Extracted 68 EN chunks
DEBUG: 5. ConvNets and ImageNet - Parsed 96 ES chunks
DEBUG: 5. ConvNets and ImageNet - Split ES chunks to 202
DEBUG: 5. ConvNets and ImageNet - Initial should_filter=False
DEBUG: Caption filtering DISABLED by config.
DEBUG: Processing Ch Pair. should_filter=False
Merge Triggered: 'Thus, the claim that...' vs 'De modo que la afirm...' (Sim: 0.8467)
Merge Triggered: 'Object recognition i...' vs 'Queda todavía mucho ...' (Sim: 0.8013)
Splitter: Triggered for text length 576
Splitter: Triggered for text length 531
Splitter: Triggered for text length 398
Splitter: Triggered for text length 438
Splitter: Triggered for text length 404
Splitter: Triggered for text length 364
Splitter: Triggered for text length 285
Splitter: Triggered for text length 571
Splitter: Triggered for text length 770
Splitter: Triggered for text length 644
Splitter: Triggered for text length 387
Splitter: Triggered for text length 867
Splitter: Triggered for text length 344
Splitter: Triggered for text length 646
Splitter: Triggered for text length 475
Splitter: Triggered for text length 606
Splitter: Triggered for text length 581
Splitter: Triggered for text length 529
Splitter: Triggered for text length 322
Splitter: Triggered for text length 584
Splitter: Triggered for text length 342
Splitter: Triggered for text length 1128
Splitter: Triggered for text length 350
Splitter: Triggered for text length 299
Splitter: Triggered for text length 537
Splitter: Triggered for text length 570
Splitter: Triggered for text length 646
Splitter: Triggered for text length 889
Splitter: Triggered for text length 240
Splitter: Triggered for text length 491
Splitter: Triggered for text length 1141
Splitter: Triggered for text length 319
Splitter: Triggered for text length 732
Splitter: Triggered for text length 368
Splitter: Triggered for text length 325
Splitter: Triggered for text length 351
Splitter: Triggered for text length 263
Splitter: Triggered for text length 365
Splitter: Triggered for text length 553
Splitter: Triggered for text length 334
Splitter: Triggered for text length 838
Splitter: Triggered for text length 667
Splitter: Triggered for text length 381
Splitter: Triggered for text length 318
Splitter: Triggered for text length 860
Splitter: Triggered for text length 470
Splitter: Triggered for text length 847
Splitter: Triggered for text length 614
Splitter: Triggered for text length 536
Splitter: Triggered for text length 570
Splitter: Triggered for text length 873
Splitter: Triggered for text length 258
Splitter: Triggered for text length 1065
Splitter: Triggered for text length 608
Splitter: Triggered for text length 245
DEBUG: Entering process_chapter_pair for 6. A Closer Look at Machines That Learn
DEBUG: 6. A Closer Look at Machines That Learn - Extracted 69 EN chunks
DEBUG: 6. A Closer Look at Machines That Learn - Parsed 105 ES chunks
DEBUG: 6. A Closer Look at Machines That Learn - Split ES chunks to 248
DEBUG: 6. A Closer Look at Machines That Learn - Initial should_filter=False
DEBUG: Caption filtering DISABLED by config.
DEBUG: Processing Ch Pair. should_filter=False
Splitter: Triggered for text length 423
Splitter: Triggered for text length 391
Splitter: Triggered for text length 296
Splitter: Triggered for text length 327
Splitter: Triggered for text length 732
Splitter: Triggered for text length 1287
Splitter: Triggered for text length 948
Splitter: Triggered for text length 699
Splitter: Triggered for text length 897
Splitter: Triggered for text length 1018
Splitter: Triggered for text length 472
Splitter: Triggered for text length 896
Splitter: Triggered for text length 390
Splitter: Triggered for text length 769
Splitter: Triggered for text length 750
Splitter: Triggered for text length 768
Splitter: Triggered for text length 904
Splitter: Triggered for text length 1184
Splitter: Triggered for text length 1095
Splitter: Triggered for text length 791
Splitter: Triggered for text length 1013
Splitter: Triggered for text length 594
Splitter: Triggered for text length 496
Splitter: Triggered for text length 458
Splitter: Triggered for text length 616
Splitter: Triggered for text length 741
Splitter: Triggered for text length 428
Splitter: Triggered for text length 470
Splitter: Triggered for text length 1345
Splitter: Triggered for text length 1023
Splitter: Triggered for text length 703
Splitter: Triggered for text length 315
Splitter: Triggered for text length 245
Splitter: Triggered for text length 672
Splitter: Triggered for text length 431
Splitter: Triggered for text length 551
Splitter: Triggered for text length 274
Splitter: Triggered for text length 671
Splitter: Triggered for text length 366
Splitter: Triggered for text length 652
Splitter: Triggered for text length 614
Splitter: Triggered for text length 408
Splitter: Triggered for text length 1078
Splitter: Triggered for text length 1455
Splitter: Triggered for text length 1251
Splitter: Triggered for text length 1538
DEBUG: Entering process_chapter_pair for 7. On Trustworthy and Ethical AI
DEBUG: 7. On Trustworthy and Ethical AI - Extracted 55 EN chunks
DEBUG: 7. On Trustworthy and Ethical AI - Parsed 77 ES chunks
DEBUG: 7. On Trustworthy and Ethical AI - Split ES chunks to 174
DEBUG: 7. On Trustworthy and Ethical AI - Initial should_filter=False
DEBUG: Caption filtering DISABLED by config.
DEBUG: Processing Ch Pair. should_filter=False
Splitter: Triggered for text length 286
Splitter: Triggered for text length 307
Splitter: Triggered for text length 923
Splitter: Triggered for text length 334
Splitter: Triggered for text length 639
Splitter: Triggered for text length 1039
Splitter: Triggered for text length 649
Splitter: Triggered for text length 401
Splitter: Triggered for text length 874
Splitter: Triggered for text length 860
Splitter: Triggered for text length 665
Splitter: Triggered for text length 770
Splitter: Triggered for text length 316
Splitter: Triggered for text length 412
Splitter: Triggered for text length 713
Splitter: Triggered for text length 309
Splitter: Triggered for text length 818
Splitter: Triggered for text length 662
Splitter: Triggered for text length 612
Splitter: Triggered for text length 1025
Splitter: Triggered for text length 364
Splitter: Triggered for text length 474
Splitter: Triggered for text length 443
Splitter: Triggered for text length 247
Splitter: Triggered for text length 627
Splitter: Triggered for text length 875
Splitter: Triggered for text length 670
Splitter: Triggered for text length 325
Splitter: Triggered for text length 628
Splitter: Triggered for text length 649
Splitter: Triggered for text length 558
Splitter: Triggered for text length 269
Splitter: Triggered for text length 797
Splitter: Triggered for text length 830
Splitter: Triggered for text length 295
Splitter: Triggered for text length 751
Splitter: Triggered for text length 484
Splitter: Triggered for text length 606
Splitter: Triggered for text length 1228
Splitter: Triggered for text length 327
Splitter: Triggered for text length 830
Splitter: Triggered for text length 851
DEBUG: Entering process_chapter_pair for Part III. Learning to Play
DEBUG: Part III. Learning to Play - Extracted 2 EN chunks
DEBUG: Part III. Learning to Play - Parsed 1 ES chunks
DEBUG: Part III. Learning to Play - Split ES chunks to 1
DEBUG: Part III. Learning to Play - Initial should_filter=False
DEBUG: Caption filtering DISABLED by config.
DEBUG: Processing Ch Pair. should_filter=False
DEBUG: Entering process_chapter_pair for 8. Rewards for Robots
DEBUG: 8. Rewards for Robots - Extracted 38 EN chunks
DEBUG: 8. Rewards for Robots - Parsed 48 ES chunks
DEBUG: 8. Rewards for Robots - Split ES chunks to 161
DEBUG: 8. Rewards for Robots - Initial should_filter=False
DEBUG: Caption filtering DISABLED by config.
DEBUG: Processing Ch Pair. should_filter=False
Merge Triggered: 'Achieving the right ...' vs 'Y conseguir el equil...' (Sim: 0.8546)
Splitter: Triggered for text length 644
Splitter: Triggered for text length 967
Splitter: Triggered for text length 551
Splitter: Triggered for text length 834
Splitter: Triggered for text length 732
Splitter: Triggered for text length 463
Splitter: Triggered for text length 484
Splitter: Triggered for text length 499
Splitter: Triggered for text length 681
Splitter: Triggered for text length 553
Splitter: Triggered for text length 270
Splitter: Triggered for text length 1236
Splitter: Triggered for text length 1195
Splitter: Triggered for text length 720
Splitter: Triggered for text length 551
Splitter: Triggered for text length 615
Splitter: Triggered for text length 631
Splitter: Triggered for text length 425
Splitter: Triggered for text length 542
Splitter: Triggered for text length 829
Splitter: Triggered for text length 578
Splitter: Triggered for text length 1241
Splitter: Triggered for text length 587
Splitter: Triggered for text length 1059
DEBUG: Entering process_chapter_pair for 9. Game On
DEBUG: 9. Game On - Extracted 74 EN chunks
DEBUG: 9. Game On - Parsed 106 ES chunks
DEBUG: 9. Game On - Split ES chunks to 298
DEBUG: 9. Game On - Initial should_filter=False
DEBUG: Caption filtering DISABLED by config.
DEBUG: Processing Ch Pair. should_filter=False
Merge Triggered: 'The best (human) Go ...' vs 'Los mejores jugadore...' (Sim: 0.8588)
Splitter: Triggered for text length 527
Splitter: Triggered for text length 961
Splitter: Triggered for text length 751
Splitter: Triggered for text length 738
Splitter: Triggered for text length 441
Splitter: Triggered for text length 456
Splitter: Triggered for text length 1121
Splitter: Triggered for text length 788
Splitter: Triggered for text length 753
Splitter: Triggered for text length 863
Splitter: Triggered for text length 303
Splitter: Triggered for text length 824
Splitter: Triggered for text length 420
Splitter: Triggered for text length 576
Splitter: Triggered for text length 699
Splitter: Triggered for text length 587
Splitter: Triggered for text length 341
Splitter: Triggered for text length 490
Splitter: Triggered for text length 832
Splitter: Triggered for text length 819
Splitter: Triggered for text length 1520
Splitter: Triggered for text length 627
Splitter: Triggered for text length 971
Splitter: Triggered for text length 468
Splitter: Triggered for text length 492
Splitter: Triggered for text length 665
Splitter: Triggered for text length 246
Splitter: Triggered for text length 931
Splitter: Triggered for text length 628
Splitter: Triggered for text length 724
Splitter: Triggered for text length 1423
Splitter: Triggered for text length 646
Splitter: Triggered for text length 513
Splitter: Triggered for text length 695
Splitter: Triggered for text length 449
Splitter: Triggered for text length 447
Splitter: Triggered for text length 243
Splitter: Triggered for text length 652
Splitter: Triggered for text length 642
Splitter: Triggered for text length 490
Splitter: Triggered for text length 1243
Splitter: Triggered for text length 888
Splitter: Triggered for text length 516
Splitter: Triggered for text length 411
Splitter: Triggered for text length 761
Splitter: Triggered for text length 566
Splitter: Triggered for text length 815
Splitter: Triggered for text length 425
Splitter: Triggered for text length 345
Splitter: Triggered for text length 662
Splitter: Triggered for text length 1247
Splitter: Triggered for text length 767
Splitter: Triggered for text length 513
Splitter: Triggered for text length 513
DEBUG: Entering process_chapter_pair for 10. Beyond Games
DEBUG: 10. Beyond Games - Extracted 43 EN chunks
DEBUG: 10. Beyond Games - Parsed 57 ES chunks
DEBUG: 10. Beyond Games - Split ES chunks to 120
DEBUG: 10. Beyond Games - Initial should_filter=False
DEBUG: Caption filtering DISABLED by config.
DEBUG: Processing Ch Pair. should_filter=False
Splitter: Triggered for text length 432
Splitter: Triggered for text length 252
Splitter: Triggered for text length 362
Splitter: Triggered for text length 638
Splitter: Triggered for text length 294
Splitter: Triggered for text length 633
Splitter: Triggered for text length 269
Splitter: Triggered for text length 344
Splitter: Triggered for text length 597
Splitter: Triggered for text length 1072
Splitter: Triggered for text length 504
Splitter: Triggered for text length 630
Splitter: Triggered for text length 727
Splitter: Triggered for text length 780
Splitter: Triggered for text length 368
Splitter: Triggered for text length 359
Splitter: Triggered for text length 417
Splitter: Triggered for text length 786
Splitter: Triggered for text length 554
Splitter: Triggered for text length 440
Splitter: Triggered for text length 307
Splitter: Triggered for text length 405
Splitter: Triggered for text length 541
Splitter: Triggered for text length 689
Splitter: Triggered for text length 432
Splitter: Triggered for text length 818
Splitter: Triggered for text length 420
Splitter: Triggered for text length 613
Splitter: Triggered for text length 398
Splitter: Triggered for text length 1325
Splitter: Triggered for text length 808
Splitter: Triggered for text length 273
Splitter: Triggered for text length 918
DEBUG: Entering process_chapter_pair for Part IV. Artificial Intelligence Meets Natural Language
DEBUG: Part IV. Artificial Intelligence Meets Natural Language - Extracted 2 EN chunks
DEBUG: Part IV. Artificial Intelligence Meets Natural Language - Parsed 1 ES chunks
DEBUG: Part IV. Artificial Intelligence Meets Natural Language - Split ES chunks to 1
DEBUG: Part IV. Artificial Intelligence Meets Natural Language - Initial should_filter=False
DEBUG: Caption filtering DISABLED by config.
DEBUG: Processing Ch Pair. should_filter=False
DEBUG: Entering process_chapter_pair for 11. Words, and the Company They Keep
DEBUG: 11. Words, and the Company They Keep - Extracted 81 EN chunks
DEBUG: 11. Words, and the Company They Keep - Parsed 110 ES chunks
DEBUG: 11. Words, and the Company They Keep - Split ES chunks to 277
DEBUG: 11. Words, and the Company They Keep - Initial should_filter=False
DEBUG: Caption filtering DISABLED by config.
DEBUG: Processing Ch Pair. should_filter=False
Merge Triggered: 'Laughed tends to occ...' vs 'Reírse suele juntars...' (Sim: 0.7160)
Splitter: Triggered for text length 444
Splitter: Triggered for text length 441
Splitter: Triggered for text length 634
Splitter: Triggered for text length 507
Splitter: Triggered for text length 863
Splitter: Triggered for text length 963
Splitter: Triggered for text length 638
Splitter: Triggered for text length 608
Splitter: Triggered for text length 1023
Splitter: Triggered for text length 1197
Splitter: Triggered for text length 536
Splitter: Triggered for text length 554
Splitter: Triggered for text length 1004
Splitter: Triggered for text length 808
Splitter: Triggered for text length 659
Splitter: Triggered for text length 1013
Splitter: Triggered for text length 375
Splitter: Triggered for text length 486
Splitter: Triggered for text length 502
Splitter: Triggered for text length 544
Splitter: Triggered for text length 757
Splitter: Triggered for text length 1284
Splitter: Triggered for text length 601
Splitter: Triggered for text length 303
Splitter: Triggered for text length 448
Splitter: Triggered for text length 603
Splitter: Triggered for text length 798
Splitter: Triggered for text length 1016
Splitter: Triggered for text length 1444
Splitter: Triggered for text length 1115
Splitter: Triggered for text length 463
Splitter: Triggered for text length 337
Splitter: Triggered for text length 704
Splitter: Triggered for text length 600
Splitter: Triggered for text length 585
Splitter: Triggered for text length 810
Splitter: Triggered for text length 553
Splitter: Triggered for text length 419
Splitter: Triggered for text length 899
Splitter: Triggered for text length 645
Splitter: Triggered for text length 352
Splitter: Triggered for text length 1077
Splitter: Triggered for text length 607
Splitter: Triggered for text length 809
DEBUG: Entering process_chapter_pair for 12. Translation as Encoding and Decoding
DEBUG: 12. Translation as Encoding and Decoding - Extracted 62 EN chunks
DEBUG: 12. Translation as Encoding and Decoding - Parsed 95 ES chunks
DEBUG: 12. Translation as Encoding and Decoding - Split ES chunks to 188
DEBUG: 12. Translation as Encoding and Decoding - Initial should_filter=False
DEBUG: Caption filtering DISABLED by config.
DEBUG: Processing Ch Pair. should_filter=False
Merge Triggered: 'One word at a time, ...' vs 'La red construye pal...' (Sim: 0.8068)
Merge Triggered: 'Several machine-tran...' vs 'Dados los inconvenie...' (Sim: 0.6763)
Splitter: Triggered for text length 850
Splitter: Triggered for text length 587
Splitter: Triggered for text length 626
Splitter: Triggered for text length 759
Splitter: Triggered for text length 822
Splitter: Triggered for text length 866
Splitter: Triggered for text length 452
Splitter: Triggered for text length 293
Splitter: Triggered for text length 317
Splitter: Triggered for text length 597
Splitter: Triggered for text length 416
Splitter: Triggered for text length 357
Splitter: Triggered for text length 792
Splitter: Triggered for text length 873
Splitter: Triggered for text length 1141
Splitter: Triggered for text length 543
Splitter: Triggered for text length 688
Splitter: Triggered for text length 666
Splitter: Triggered for text length 936
Splitter: Triggered for text length 444
Splitter: Triggered for text length 582
Splitter: Triggered for text length 606
Splitter: Triggered for text length 250
Splitter: Triggered for text length 303
Splitter: Triggered for text length 607
Splitter: Triggered for text length 443
Splitter: Triggered for text length 488
Splitter: Triggered for text length 438
Splitter: Triggered for text length 439
Splitter: Triggered for text length 293
Splitter: Triggered for text length 852
Splitter: Triggered for text length 660
Splitter: Triggered for text length 1064
Splitter: Triggered for text length 815
Splitter: Triggered for text length 488
Splitter: Triggered for text length 338
Splitter: Triggered for text length 881
Splitter: Triggered for text length 504
Splitter: Triggered for text length 633
Splitter: Triggered for text length 491
Splitter: Triggered for text length 536
DEBUG: Entering process_chapter_pair for 13. Ask Me Anything
DEBUG: 13. Ask Me Anything - Extracted 109 EN chunks
DEBUG: 13. Ask Me Anything - Parsed 147 ES chunks
DEBUG: 13. Ask Me Anything - Split ES chunks to 299
DEBUG: 13. Ask Me Anything - Initial should_filter=False
DEBUG: Caption filtering DISABLED by config.
DEBUG: Processing Ch Pair. should_filter=False
Merge Triggered: 'To develop these ide...' vs 'Para desarrollar est...' (Sim: 0.9516)
Merge Triggered: 'For example, conside...' vs 'Por ejemplo, veamos ...' (Sim: 0.7191)
Splitter: Triggered for text length 314
Splitter: Triggered for text length 834
Splitter: Triggered for text length 1182
Splitter: Triggered for text length 1275
Splitter: Triggered for text length 1033
Splitter: Triggered for text length 1089
Splitter: Triggered for text length 327
Splitter: Triggered for text length 1181
Splitter: Triggered for text length 265
Splitter: Triggered for text length 636
Splitter: Triggered for text length 1393
Splitter: Triggered for text length 1003
Splitter: Triggered for text length 613
Splitter: Triggered for text length 1009
Splitter: Triggered for text length 1096
Splitter: Triggered for text length 424
Splitter: Triggered for text length 727
Splitter: Triggered for text length 614
Splitter: Triggered for text length 1339
Splitter: Triggered for text length 950
Splitter: Triggered for text length 284
Splitter: Triggered for text length 438
Splitter: Triggered for text length 292
Splitter: Triggered for text length 383
Splitter: Triggered for text length 399
Splitter: Triggered for text length 518
Splitter: Triggered for text length 538
Splitter: Triggered for text length 618
Splitter: Triggered for text length 746
Splitter: Triggered for text length 922
Splitter: Triggered for text length 702
Splitter: Triggered for text length 697
Splitter: Triggered for text length 449
Splitter: Triggered for text length 709
Splitter: Triggered for text length 1218
Splitter: Triggered for text length 883
Splitter: Triggered for text length 731
Splitter: Triggered for text length 350
Splitter: Triggered for text length 390
Splitter: Triggered for text length 514
Splitter: Triggered for text length 939
Splitter: Triggered for text length 870
Splitter: Triggered for text length 447
Splitter: Triggered for text length 800
Splitter: Triggered for text length 580
Splitter: Triggered for text length 1420
Splitter: Triggered for text length 401
DEBUG: Entering process_chapter_pair for Part V. The Barrier of Meaning
DEBUG: Part V. The Barrier of Meaning - Extracted 2 EN chunks
DEBUG: Part V. The Barrier of Meaning - Parsed 1 ES chunks
DEBUG: Part V. The Barrier of Meaning - Split ES chunks to 1
DEBUG: Part V. The Barrier of Meaning - Initial should_filter=False
DEBUG: Caption filtering DISABLED by config.
DEBUG: Processing Ch Pair. should_filter=False
DEBUG: Entering process_chapter_pair for 14. On Understanding
DEBUG: 14. On Understanding - Extracted 49 EN chunks
DEBUG: 14. On Understanding - Parsed 68 ES chunks
DEBUG: 14. On Understanding - Split ES chunks to 158
DEBUG: 14. On Understanding - Initial should_filter=False
DEBUG: Caption filtering DISABLED by config.
DEBUG: Processing Ch Pair. should_filter=False
Merge Triggered: 'Lakoff and Johnson p...' vs 'Por ejemplo, Lakoff ...' (Sim: 0.6880)
Splitter: Triggered for text length 1016
Splitter: Triggered for text length 308
Splitter: Triggered for text length 276
Splitter: Triggered for text length 877
Splitter: Triggered for text length 542
Splitter: Triggered for text length 596
Splitter: Triggered for text length 367
Splitter: Triggered for text length 1632
Splitter: Triggered for text length 622
Splitter: Triggered for text length 656
Splitter: Triggered for text length 416
Splitter: Triggered for text length 559
Splitter: Triggered for text length 258
Splitter: Triggered for text length 415
Splitter: Triggered for text length 362
Splitter: Triggered for text length 283
Splitter: Triggered for text length 496
Splitter: Triggered for text length 967
Splitter: Triggered for text length 280
Splitter: Triggered for text length 510
Splitter: Triggered for text length 1449
Splitter: Triggered for text length 327
Splitter: Triggered for text length 441
Splitter: Triggered for text length 445
Splitter: Triggered for text length 702
Splitter: Triggered for text length 349
Splitter: Triggered for text length 826
Splitter: Triggered for text length 659
Splitter: Triggered for text length 718
Splitter: Triggered for text length 909
Splitter: Triggered for text length 294
Splitter: Triggered for text length 611
Splitter: Triggered for text length 893
Splitter: Triggered for text length 1128
DEBUG: Entering process_chapter_pair for 15. Knowledge, Abstraction, and Analogy in Artificial Intelligence
DEBUG: 15. Knowledge, Abstraction, and Analogy in Artificial Intelligence - Extracted 81 EN chunks
DEBUG: 15. Knowledge, Abstraction, and Analogy in Artificial Intelligence - Parsed 115 ES chunks
DEBUG: 15. Knowledge, Abstraction, and Analogy in Artificial Intelligence - Split ES chunks to 232
DEBUG: 15. Knowledge, Abstraction, and Analogy in Artificial Intelligence - Initial should_filter=False
DEBUG: Caption filtering DISABLED by config.
DEBUG: Processing Ch Pair. should_filter=False
Merge Triggered: 'The name Cyc (pronou...' vs 'Cyc es un sistema si...' (Sim: 0.6029)
Merge Triggered: 'Figure 45 gives four...' vs 'La figura 45 muestra...' (Sim: 0.8955)
Merge Triggered: 'Here is an example:...' vs 'He aquí un ejemplo:...' (Sim: 0.9513)
Merge Triggered: 'pqrd: “Replace the r...' vs 'pqrs: «Sustituir tod...' (Sim: 0.7290)
Merge Triggered: 'Problem 3 illustrate...' vs 'El problema 3 ilustr...' (Sim: 0.9237)
Merge Triggered: 'PROBLEM 4: If azbzcz...' vs 'problema 5: Si abc c...' (Sim: 0.8554)
Splitter: Triggered for text length 402
Splitter: Triggered for text length 395
Splitter: Triggered for text length 805
Splitter: Triggered for text length 354
Splitter: Triggered for text length 284
Splitter: Triggered for text length 414
Splitter: Triggered for text length 402
Splitter: Triggered for text length 960
Splitter: Triggered for text length 685
Splitter: Triggered for text length 343
Splitter: Triggered for text length 766
Splitter: Triggered for text length 464
Splitter: Triggered for text length 604
Splitter: Triggered for text length 851
Splitter: Triggered for text length 957
Splitter: Triggered for text length 243
Splitter: Triggered for text length 241
Splitter: Triggered for text length 505
Splitter: Triggered for text length 273
Splitter: Triggered for text length 745
Splitter: Triggered for text length 553
Splitter: Triggered for text length 578
Splitter: Triggered for text length 686
Splitter: Triggered for text length 338
Splitter: Triggered for text length 415
Splitter: Triggered for text length 523
Splitter: Triggered for text length 1827
Splitter: Triggered for text length 245
Splitter: Triggered for text length 421
Splitter: Triggered for text length 472
Splitter: Triggered for text length 522
Splitter: Triggered for text length 810
Splitter: Triggered for text length 517
Splitter: Triggered for text length 743
Splitter: Triggered for text length 1045
Splitter: Triggered for text length 770
Splitter: Triggered for text length 784
Splitter: Triggered for text length 581
Splitter: Triggered for text length 520
Splitter: Triggered for text length 426
Splitter: Triggered for text length 1046
Splitter: Triggered for text length 548
Splitter: Triggered for text length 288
Splitter: Triggered for text length 441
Splitter: Triggered for text length 1088
DEBUG: Entering process_chapter_pair for 16. Questions, Answers, and Speculations
DEBUG: 16. Questions, Answers, and Speculations - Extracted 73 EN chunks
DEBUG: 16. Questions, Answers, and Speculations - Parsed 101 ES chunks
DEBUG: 16. Questions, Answers, and Speculations - Split ES chunks to 211
DEBUG: 16. Questions, Answers, and Speculations - Initial should_filter=False
DEBUG: Caption filtering DISABLED by config.
DEBUG: Processing Ch Pair. should_filter=False
Merge Triggered: '•  LEVEL 1: The vehi...' vs 'nivel 2: El vehículo...' (Sim: 0.7333)
Merge Triggered: '•  LEVEL 3: The vehi...' vs 'nivel 4: El vehículo...' (Sim: 0.6874)
Splitter: Triggered for text length 733
Splitter: Triggered for text length 256
Splitter: Triggered for text length 383
Splitter: Triggered for text length 453
Splitter: Triggered for text length 899
Splitter: Triggered for text length 292
Splitter: Triggered for text length 499
Splitter: Triggered for text length 675
Splitter: Triggered for text length 932
Splitter: Triggered for text length 562
Splitter: Triggered for text length 402
Splitter: Triggered for text length 499
Splitter: Triggered for text length 362
Splitter: Triggered for text length 660
Splitter: Triggered for text length 535
Splitter: Triggered for text length 635
Splitter: Triggered for text length 258
Splitter: Triggered for text length 356
Splitter: Triggered for text length 945
Splitter: Triggered for text length 385
Splitter: Triggered for text length 663
Splitter: Triggered for text length 947
Splitter: Triggered for text length 359
Splitter: Triggered for text length 328
Splitter: Triggered for text length 368
Splitter: Triggered for text length 487
Splitter: Triggered for text length 1015
Splitter: Triggered for text length 785
Splitter: Triggered for text length 605
Splitter: Triggered for text length 403
Splitter: Triggered for text length 851
Splitter: Triggered for text length 601
Splitter: Triggered for text length 448
Splitter: Triggered for text length 633
Splitter: Triggered for text length 377
Splitter: Triggered for text length 542
Splitter: Triggered for text length 253
Splitter: Triggered for text length 1006
Splitter: Triggered for text length 627
Splitter: Triggered for text length 931
Splitter: Triggered for text length 749
Splitter: Triggered for text length 840
Splitter: Triggered for text length 470
Splitter: Triggered for text length 987
Splitter: Triggered for text length 448
Splitter: Triggered for text length 345
Splitter: Triggered for text length 653
Splitter: Triggered for text length 542
Splitter: Triggered for text length 606
Splitter: Triggered for text length 461
Splitter: Triggered for text length 511
DEBUG: Entering process_chapter_pair for Acknowledgments
DEBUG: Acknowledgments - Extracted 5 EN chunks
DEBUG: Acknowledgments - Parsed 5 ES chunks
DEBUG: Acknowledgments - Split ES chunks to 5
DEBUG: Acknowledgments - Initial should_filter=False
DEBUG: Caption filtering DISABLED by config.
DEBUG: Processing Ch Pair. should_filter=False
Splitter: Triggered for text length 525
Splitter: Triggered for text length 511
Splitter: Triggered for text length 508
Splitter: Triggered for text length 545
DEBUG: Entering process_chapter_pair for Index
DEBUG: Index - Extracted 350 EN chunks
DEBUG: Index - Parsed 30 ES chunks
DEBUG: Index - Split ES chunks to 30
DEBUG: Index - Initial should_filter=False
DEBUG: Caption filtering DISABLED by config.
DEBUG: Processing Ch Pair. should_filter=False
Splitter: Triggered for text length 267
DEBUG: Entering process_chapter_pair for Illustration Credits
DEBUG: Illustration Credits - Extracted 101 EN chunks
DEBUG: Illustration Credits - Parsed 9 ES chunks
DEBUG: Illustration Credits - Split ES chunks to 15
DEBUG: Illustration Credits - Initial should_filter=False
DEBUG: Caption filtering DISABLED by config.
DEBUG: Processing Ch Pair. should_filter=False
Splitter: Triggered for text length 377
Splitter: Triggered for text length 244
Splitter: Triggered for text length 325
DEBUG: Entering process_chapter_pair for Also by Melanie Mitchell
DEBUG: Also by Melanie Mitchell - Extracted 4 EN chunks
DEBUG: Also by Melanie Mitchell - Parsed 1 ES chunks
DEBUG: Also by Melanie Mitchell - Split ES chunks to 12
DEBUG: Also by Melanie Mitchell - Initial should_filter=False
DEBUG: Caption filtering DISABLED by config.
DEBUG: Processing Ch Pair. should_filter=False
DEBUG: Entering process_chapter_pair for A Note About the Author
DEBUG: A Note About the Author - Extracted 3 EN chunks
DEBUG: A Note About the Author - Parsed 15 ES chunks
DEBUG: A Note About the Author - Split ES chunks to 15
DEBUG: A Note About the Author - Initial should_filter=False
DEBUG: Caption filtering DISABLED by config.
DEBUG: Processing Ch Pair. should_filter=False
Splitter: Triggered for text length 492
Alignment/Injection Complete.
Updated OPF manifest with 0 new image entries.
Success! Bilingual EPUB created at: bilingual_book.epub
Zipping 115 files (including 57 assets/styles) from staging...
Alignment/Generation Complete.
Cleaning up staging directory: /Volumes/ExternalHD/Users/alex.sanchez/Documents/repos/AI/ebooks/bilingual_epub_staging
